Component: ARM Compiler 5.06 update 7 (build 960) Tool: armlink [4d3601]

==============================================================================

Section Cross References

    main.o(i.Button_Pressed) refers to activeobject.o(i.ActiveObject_Enqueue) for ActiveObject_Enqueue
    main.o(i.Button_Pressed) refers to main.o(.data) for signal1
    main.o(i.T1) refers to activeobject.o(i.ActiveObject_Start) for ActiveObject_Start
    main.o(i.T1) refers to main.o(.data) for a1
    main.o(i.T2) refers to activeobject.o(i.ActiveObject_Enqueue) for ActiveObject_Enqueue
    main.o(i.T2) refers to devrtos.o(i.devRtosDelay) for devRtosDelay
    main.o(i.T2) refers to main.o(.data) for signal2
    main.o(i.T3) refers to activeobject.o(i.ActiveObject_Enqueue) for ActiveObject_Enqueue
    main.o(i.T3) refers to devrtos.o(i.devRtosDelay) for devRtosDelay
    main.o(i.T3) refers to main.o(.data) for signal3
    main.o(i.T4) refers to activeobject.o(i.ActiveObject_Enqueue) for ActiveObject_Enqueue
    main.o(i.T4) refers to devrtos.o(i.devRtosDelay) for devRtosDelay
    main.o(i.T4) refers to main.o(.data) for signal1
    main.o(i.a1Function) refers to queue.o(i.queue_dequeue) for queue_dequeue
    main.o(i.a1Function) refers to printfb.o(i.__0printf$bare) for __2printf
    main.o(i.a1Function) refers to bsp.o(i.HwRedLedOn) for HwRedLedOn
    main.o(i.a1Function) refers to bsp.o(i.HwRedLedOff) for HwRedLedOff
    main.o(i.a1Function) refers to bsp.o(i.HwGreenLedOn) for HwGreenLedOn
    main.o(i.a1Function) refers to bsp.o(i.HwGreenLedOff) for HwGreenLedOff
    main.o(i.a1Function) refers to bsp.o(i.HwBlueLedOn) for HwBlueLedOn
    main.o(i.a1Function) refers to bsp.o(i.HwBlueLedOff) for HwBlueLedOff
    main.o(i.fputc) refers to bsp.o(i.HwUartSendByte) for HwUartSendByte
    main.o(i.main) refers to bsp.o(i.HwInit) for HwInit
    main.o(i.main) refers to devrtos.o(i.DevRtosInit) for DevRtosInit
    main.o(i.main) refers to devrtos.o(i.DevRtosCreateTask) for DevRtosCreateTask
    main.o(i.main) refers to activeobject.o(i.ActiveObject_Ctor) for ActiveObject_Ctor
    main.o(i.main) refers to devrtos.o(i.DevRtosScheduler) for DevRtosScheduler
    main.o(i.main) refers to main.o(.bss) for idleStack
    main.o(i.main) refers to main.o(i.idle_task) for idle_task
    main.o(i.main) refers to main.o(.data) for sp1
    main.o(i.main) refers to main.o(i.T1) for T1
    main.o(i.main) refers to main.o(i.T2) for T2
    main.o(i.main) refers to main.o(i.a1Function) for a1Function
    main.o(.data) refers to main.o(.bss) for stack1
    bsp.o(i.GPIOF_Handler) refers to bsp.o(i.HwDelay) for HwDelay
    bsp.o(i.GPIOF_Handler) refers to main.o(i.Button_Pressed) for Button_Pressed
    bsp.o(i.HwButton1InterruptEnable) refers to bsp.o(i.__NVIC_EnableIRQ) for __NVIC_EnableIRQ
    bsp.o(i.HwInit) refers to bsp.o(i.HwBlueLedInit) for HwBlueLedInit
    bsp.o(i.HwInit) refers to bsp.o(i.HwGreenLedInit) for HwGreenLedInit
    bsp.o(i.HwInit) refers to bsp.o(i.HwRedLedInit) for HwRedLedInit
    bsp.o(i.HwInit) refers to bsp.o(i.HwUartInit) for HwUartInit
    bsp.o(i.HwInit) refers to system_tm4c123.o(i.SystemCoreClockUpdate) for SystemCoreClockUpdate
    bsp.o(i.HwInit) refers to bsp.o(i.__NVIC_SetPriority) for __NVIC_SetPriority
    bsp.o(i.HwInit) refers to bsp.o(i.HwButton1Init) for HwButton1Init
    bsp.o(i.HwInit) refers to bsp.o(i.HwButton1InterruptEnable) for HwButton1InterruptEnable
    bsp.o(i.HwInit) refers to system_tm4c123.o(.data) for SystemCoreClock
    bsp.o(i.HwTimerInit) refers to bsp.o(i.__NVIC_EnableIRQ) for __NVIC_EnableIRQ
    bsp.o(i.HwUartInit) refers to system_tm4c123.o(.data) for SystemCoreClock
    bsp.o(i.SysTick_Handler) refers to devrtos.o(i.DevRtosScheduler) for DevRtosScheduler
    bsp.o(i.SysTick_Handler) refers to bsp.o(.data) for tickCounter
    bsp.o(i.TIMER0A_IRQHandler) refers to bsp.o(i.HwGreenLedOn) for HwGreenLedOn
    bsp.o(i.TIMER0A_IRQHandler) refers to bsp.o(i.HwDelay) for HwDelay
    bsp.o(i.TIMER0A_IRQHandler) refers to bsp.o(i.HwGreenLedOff) for HwGreenLedOff
    devrtos.o(.emb_text) refers to devrtos.o(.data) for DevRtosCurTask
    devrtos.o(i.DevRtosCreateTask) refers to devrtos.o(i.DevRtosReadyQueueEnqueue) for DevRtosReadyQueueEnqueue
    devrtos.o(i.DevRtosCreateTask) refers to devrtos.o(.data) for DevRtosTaskCount
    devrtos.o(i.DevRtosInit) refers to queue.o(i.queue_create) for queue_create
    devrtos.o(i.DevRtosInit) refers to list.o(i.list_createNode) for list_createNode
    devrtos.o(i.DevRtosInit) refers to devrtos.o(.bss) for DevRtosTaskQueueArray
    devrtos.o(i.DevRtosInit) refers to devrtos.o(.data) for DevRtosDelayList
    devrtos.o(i.DevRtosReadyQueueDequeue) refers to queue.o(i.queue_dequeue) for queue_dequeue
    devrtos.o(i.DevRtosReadyQueueDequeue) refers to devrtos.o(.data) for DevRtosReadyPriorityBits
    devrtos.o(i.DevRtosReadyQueueDequeue) refers to devrtos.o(.bss) for DevRtosTaskQueueArray
    devrtos.o(i.DevRtosReadyQueueEnqueue) refers to queue.o(i.queue_enqueue) for queue_enqueue
    devrtos.o(i.DevRtosReadyQueueEnqueue) refers to devrtos.o(.data) for DevRtosReadyPriorityBits
    devrtos.o(i.DevRtosReadyQueueEnqueue) refers to devrtos.o(.bss) for DevRtosTaskQueueArray
    devrtos.o(i.DevRtosReadyQueueFront) refers to queue.o(i.queue_front) for queue_front
    devrtos.o(i.DevRtosReadyQueueFront) refers to devrtos.o(.bss) for DevRtosTaskQueueArray
    devrtos.o(i.DevRtosReadyQueueSize) refers to devrtos.o(.bss) for DevRtosTaskQueueArray
    devrtos.o(i.DevRtosScheduler) refers to devrtos.o(i.DevRtosReadyQueueEnqueue) for DevRtosReadyQueueEnqueue
    devrtos.o(i.DevRtosScheduler) refers to devrtos.o(i.devRtosDelayDec) for devRtosDelayDec
    devrtos.o(i.DevRtosScheduler) refers to devrtos.o(i.DevRtosReadyQueueDequeue) for DevRtosReadyQueueDequeue
    devrtos.o(i.DevRtosScheduler) refers to devrtos.o(.data) for DevRtosCurTask
    devrtos.o(i.devRtosDelay) refers to list.o(i.list_createNode) for list_createNode
    devrtos.o(i.devRtosDelay) refers to list.o(i.list_insertNode) for list_insertNode
    devrtos.o(i.devRtosDelay) refers to devrtos.o(i.DevRtosScheduler) for DevRtosScheduler
    devrtos.o(i.devRtosDelay) refers to devrtos.o(.data) for DevRtosCurTask
    devrtos.o(i.devRtosDelayDec) refers to devrtos.o(i.DevRtosReadyQueueEnqueue) for DevRtosReadyQueueEnqueue
    devrtos.o(i.devRtosDelayDec) refers to list.o(i.list_deleteNode) for list_deleteNode
    devrtos.o(i.devRtosDelayDec) refers to devrtos.o(.data) for DevRtosDelayList
    queue.o(i.queue_create) refers to queue.o(.data) for queueCount
    queue.o(i.queue_create) refers to queue.o(.bss) for queueHolder
    list.o(i.list_createNode) refers to list.o(.data) for listFreeBits
    list.o(i.list_createNode) refers to list.o(.bss) for listNodes
    list.o(i.list_deleteNode) refers to list.o(.data) for listFreeBits
    activeobject.o(i.ActiveObject_Ctor) refers to queue.o(i.queue_create) for queue_create
    activeobject.o(i.ActiveObject_Ctor) refers to printfb.o(i.__0printf$bare) for __2printf
    activeobject.o(i.ActiveObject_Enqueue) refers to queue.o(i.queue_enqueue) for queue_enqueue
    startup_tm4c123.o(RESET) refers to startup_tm4c123.o(STACK) for __initial_sp
    startup_tm4c123.o(RESET) refers to startup_tm4c123.o(.text) for Reset_Handler
    startup_tm4c123.o(RESET) refers to devrtos.o(.emb_text) for PendSV_Handler
    startup_tm4c123.o(RESET) refers to bsp.o(i.SysTick_Handler) for SysTick_Handler
    startup_tm4c123.o(RESET) refers to bsp.o(i.GPIOF_Handler) for GPIOF_Handler
    startup_tm4c123.o(.text) refers to system_tm4c123.o(i.SystemInit) for SystemInit
    startup_tm4c123.o(.text) refers to entry.o(.ARM.Collect$$$$00000000) for __main
    system_tm4c123.o(i.SystemCoreClockUpdate) refers to system_tm4c123.o(i.getOscClk) for getOscClk
    system_tm4c123.o(i.SystemCoreClockUpdate) refers to system_tm4c123.o(.data) for SystemCoreClock
    entry.o(.ARM.Collect$$$$00000000) refers (Special) to entry10a.o(.ARM.Collect$$$$0000000F) for __rt_final_cpp
    entry.o(.ARM.Collect$$$$00000000) refers (Special) to entry11a.o(.ARM.Collect$$$$00000011) for __rt_final_exit
    entry.o(.ARM.Collect$$$$00000000) refers (Special) to entry12b.o(.ARM.Collect$$$$0000000E) for __rt_lib_shutdown_fini
    entry.o(.ARM.Collect$$$$00000000) refers (Special) to entry7b.o(.ARM.Collect$$$$00000008) for _main_clock
    entry.o(.ARM.Collect$$$$00000000) refers (Special) to entry8b.o(.ARM.Collect$$$$0000000A) for _main_cpp_init
    entry.o(.ARM.Collect$$$$00000000) refers (Special) to entry9a.o(.ARM.Collect$$$$0000000B) for _main_init
    entry.o(.ARM.Collect$$$$00000000) refers (Special) to entry5.o(.ARM.Collect$$$$00000004) for _main_scatterload
    entry.o(.ARM.Collect$$$$00000000) refers (Special) to entry2.o(.ARM.Collect$$$$00000001) for _main_stk
    printfb.o(i.__0fprintf$bare) refers to printfb.o(i._printf_core) for _printf_core
    printfb.o(i.__0fprintf$bare) refers to main.o(i.fputc) for fputc
    printfb.o(i.__0printf$bare) refers to printfb.o(i._printf_core) for _printf_core
    printfb.o(i.__0printf$bare) refers to main.o(i.fputc) for fputc
    printfb.o(i.__0printf$bare) refers to stdout.o(.data) for __stdout
    printfb.o(i.__0snprintf$bare) refers to printfb.o(i._printf_core) for _printf_core
    printfb.o(i.__0snprintf$bare) refers to printfb.o(i._snputc) for _snputc
    printfb.o(i.__0sprintf$bare) refers to printfb.o(i._printf_core) for _printf_core
    printfb.o(i.__0sprintf$bare) refers to printfb.o(i._sputc) for _sputc
    printfb.o(i.__0vfprintf$bare) refers to printfb.o(i._printf_core) for _printf_core
    printfb.o(i.__0vfprintf$bare) refers to main.o(i.fputc) for fputc
    printfb.o(i.__0vprintf$bare) refers to printfb.o(i._printf_core) for _printf_core
    printfb.o(i.__0vprintf$bare) refers to main.o(i.fputc) for fputc
    printfb.o(i.__0vprintf$bare) refers to stdout.o(.data) for __stdout
    printfb.o(i.__0vsnprintf$bare) refers to printfb.o(i._printf_core) for _printf_core
    printfb.o(i.__0vsnprintf$bare) refers to printfb.o(i._snputc) for _snputc
    printfb.o(i.__0vsprintf$bare) refers to printfb.o(i._printf_core) for _printf_core
    printfb.o(i.__0vsprintf$bare) refers to printfb.o(i._sputc) for _sputc
    printf0.o(i.__0fprintf$0) refers to printf0.o(i._printf_core) for _printf_core
    printf0.o(i.__0fprintf$0) refers to main.o(i.fputc) for fputc
    printf0.o(i.__0printf$0) refers to printf0.o(i._printf_core) for _printf_core
    printf0.o(i.__0printf$0) refers to main.o(i.fputc) for fputc
    printf0.o(i.__0printf$0) refers to stdout.o(.data) for __stdout
    printf0.o(i.__0snprintf$0) refers to printf0.o(i._printf_core) for _printf_core
    printf0.o(i.__0snprintf$0) refers to printf0.o(i._snputc) for _snputc
    printf0.o(i.__0sprintf$0) refers to printf0.o(i._printf_core) for _printf_core
    printf0.o(i.__0sprintf$0) refers to printf0.o(i._sputc) for _sputc
    printf0.o(i.__0vfprintf$0) refers to printf0.o(i._printf_core) for _printf_core
    printf0.o(i.__0vfprintf$0) refers to main.o(i.fputc) for fputc
    printf0.o(i.__0vprintf$0) refers to printf0.o(i._printf_core) for _printf_core
    printf0.o(i.__0vprintf$0) refers to main.o(i.fputc) for fputc
    printf0.o(i.__0vprintf$0) refers to stdout.o(.data) for __stdout
    printf0.o(i.__0vsnprintf$0) refers to printf0.o(i._printf_core) for _printf_core
    printf0.o(i.__0vsnprintf$0) refers to printf0.o(i._snputc) for _snputc
    printf0.o(i.__0vsprintf$0) refers to printf0.o(i._printf_core) for _printf_core
    printf0.o(i.__0vsprintf$0) refers to printf0.o(i._sputc) for _sputc
    printf1.o(i.__0fprintf$1) refers to printf1.o(i._printf_core) for _printf_core
    printf1.o(i.__0fprintf$1) refers to main.o(i.fputc) for fputc
    printf1.o(i.__0printf$1) refers to printf1.o(i._printf_core) for _printf_core
    printf1.o(i.__0printf$1) refers to main.o(i.fputc) for fputc
    printf1.o(i.__0printf$1) refers to stdout.o(.data) for __stdout
    printf1.o(i.__0snprintf$1) refers to printf1.o(i._printf_core) for _printf_core
    printf1.o(i.__0snprintf$1) refers to printf1.o(i._snputc) for _snputc
    printf1.o(i.__0sprintf$1) refers to printf1.o(i._printf_core) for _printf_core
    printf1.o(i.__0sprintf$1) refers to printf1.o(i._sputc) for _sputc
    printf1.o(i.__0vfprintf$1) refers to printf1.o(i._printf_core) for _printf_core
    printf1.o(i.__0vfprintf$1) refers to main.o(i.fputc) for fputc
    printf1.o(i.__0vprintf$1) refers to printf1.o(i._printf_core) for _printf_core
    printf1.o(i.__0vprintf$1) refers to main.o(i.fputc) for fputc
    printf1.o(i.__0vprintf$1) refers to stdout.o(.data) for __stdout
    printf1.o(i.__0vsnprintf$1) refers to printf1.o(i._printf_core) for _printf_core
    printf1.o(i.__0vsnprintf$1) refers to printf1.o(i._snputc) for _snputc
    printf1.o(i.__0vsprintf$1) refers to printf1.o(i._printf_core) for _printf_core
    printf1.o(i.__0vsprintf$1) refers to printf1.o(i._sputc) for _sputc
    printf1.o(i._printf_core) refers to uidiv.o(.text) for __aeabi_uidivmod
    printf2.o(i.__0fprintf$2) refers to printf2.o(i._printf_core) for _printf_core
    printf2.o(i.__0fprintf$2) refers to main.o(i.fputc) for fputc
    printf2.o(i.__0printf$2) refers to printf2.o(i._printf_core) for _printf_core
    printf2.o(i.__0printf$2) refers to main.o(i.fputc) for fputc
    printf2.o(i.__0printf$2) refers to stdout.o(.data) for __stdout
    printf2.o(i.__0snprintf$2) refers to printf2.o(i._printf_core) for _printf_core
    printf2.o(i.__0snprintf$2) refers to printf2.o(i._snputc) for _snputc
    printf2.o(i.__0sprintf$2) refers to printf2.o(i._printf_core) for _printf_core
    printf2.o(i.__0sprintf$2) refers to printf2.o(i._sputc) for _sputc
    printf2.o(i.__0vfprintf$2) refers to printf2.o(i._printf_core) for _printf_core
    printf2.o(i.__0vfprintf$2) refers to main.o(i.fputc) for fputc
    printf2.o(i.__0vprintf$2) refers to printf2.o(i._printf_core) for _printf_core
    printf2.o(i.__0vprintf$2) refers to main.o(i.fputc) for fputc
    printf2.o(i.__0vprintf$2) refers to stdout.o(.data) for __stdout
    printf2.o(i.__0vsnprintf$2) refers to printf2.o(i._printf_core) for _printf_core
    printf2.o(i.__0vsnprintf$2) refers to printf2.o(i._snputc) for _snputc
    printf2.o(i.__0vsprintf$2) refers to printf2.o(i._printf_core) for _printf_core
    printf2.o(i.__0vsprintf$2) refers to printf2.o(i._sputc) for _sputc
    printf3.o(i.__0fprintf$3) refers to printf3.o(i._printf_core) for _printf_core
    printf3.o(i.__0fprintf$3) refers to main.o(i.fputc) for fputc
    printf3.o(i.__0printf$3) refers to printf3.o(i._printf_core) for _printf_core
    printf3.o(i.__0printf$3) refers to main.o(i.fputc) for fputc
    printf3.o(i.__0printf$3) refers to stdout.o(.data) for __stdout
    printf3.o(i.__0snprintf$3) refers to printf3.o(i._printf_core) for _printf_core
    printf3.o(i.__0snprintf$3) refers to printf3.o(i._snputc) for _snputc
    printf3.o(i.__0sprintf$3) refers to printf3.o(i._printf_core) for _printf_core
    printf3.o(i.__0sprintf$3) refers to printf3.o(i._sputc) for _sputc
    printf3.o(i.__0vfprintf$3) refers to printf3.o(i._printf_core) for _printf_core
    printf3.o(i.__0vfprintf$3) refers to main.o(i.fputc) for fputc
    printf3.o(i.__0vprintf$3) refers to printf3.o(i._printf_core) for _printf_core
    printf3.o(i.__0vprintf$3) refers to main.o(i.fputc) for fputc
    printf3.o(i.__0vprintf$3) refers to stdout.o(.data) for __stdout
    printf3.o(i.__0vsnprintf$3) refers to printf3.o(i._printf_core) for _printf_core
    printf3.o(i.__0vsnprintf$3) refers to printf3.o(i._snputc) for _snputc
    printf3.o(i.__0vsprintf$3) refers to printf3.o(i._printf_core) for _printf_core
    printf3.o(i.__0vsprintf$3) refers to printf3.o(i._sputc) for _sputc
    printf3.o(i._printf_core) refers to uidiv.o(.text) for __aeabi_uidivmod
    printf4.o(i.__0fprintf$4) refers to printf4.o(i._printf_core) for _printf_core
    printf4.o(i.__0fprintf$4) refers to main.o(i.fputc) for fputc
    printf4.o(i.__0printf$4) refers to printf4.o(i._printf_core) for _printf_core
    printf4.o(i.__0printf$4) refers to main.o(i.fputc) for fputc
    printf4.o(i.__0printf$4) refers to stdout.o(.data) for __stdout
    printf4.o(i.__0snprintf$4) refers to printf4.o(i._printf_core) for _printf_core
    printf4.o(i.__0snprintf$4) refers to printf4.o(i._snputc) for _snputc
    printf4.o(i.__0sprintf$4) refers to printf4.o(i._printf_core) for _printf_core
    printf4.o(i.__0sprintf$4) refers to printf4.o(i._sputc) for _sputc
    printf4.o(i.__0vfprintf$4) refers to printf4.o(i._printf_core) for _printf_core
    printf4.o(i.__0vfprintf$4) refers to main.o(i.fputc) for fputc
    printf4.o(i.__0vprintf$4) refers to printf4.o(i._printf_core) for _printf_core
    printf4.o(i.__0vprintf$4) refers to main.o(i.fputc) for fputc
    printf4.o(i.__0vprintf$4) refers to stdout.o(.data) for __stdout
    printf4.o(i.__0vsnprintf$4) refers to printf4.o(i._printf_core) for _printf_core
    printf4.o(i.__0vsnprintf$4) refers to printf4.o(i._snputc) for _snputc
    printf4.o(i.__0vsprintf$4) refers to printf4.o(i._printf_core) for _printf_core
    printf4.o(i.__0vsprintf$4) refers to printf4.o(i._sputc) for _sputc
    printf4.o(i._printf_core) refers to uldiv.o(.text) for __aeabi_uldivmod
    printf5.o(i.__0fprintf$5) refers to printf5.o(i._printf_core) for _printf_core
    printf5.o(i.__0fprintf$5) refers to main.o(i.fputc) for fputc
    printf5.o(i.__0printf$5) refers to printf5.o(i._printf_core) for _printf_core
    printf5.o(i.__0printf$5) refers to main.o(i.fputc) for fputc
    printf5.o(i.__0printf$5) refers to stdout.o(.data) for __stdout
    printf5.o(i.__0snprintf$5) refers to printf5.o(i._printf_core) for _printf_core
    printf5.o(i.__0snprintf$5) refers to printf5.o(i._snputc) for _snputc
    printf5.o(i.__0sprintf$5) refers to printf5.o(i._printf_core) for _printf_core
    printf5.o(i.__0sprintf$5) refers to printf5.o(i._sputc) for _sputc
    printf5.o(i.__0vfprintf$5) refers to printf5.o(i._printf_core) for _printf_core
    printf5.o(i.__0vfprintf$5) refers to main.o(i.fputc) for fputc
    printf5.o(i.__0vprintf$5) refers to printf5.o(i._printf_core) for _printf_core
    printf5.o(i.__0vprintf$5) refers to main.o(i.fputc) for fputc
    printf5.o(i.__0vprintf$5) refers to stdout.o(.data) for __stdout
    printf5.o(i.__0vsnprintf$5) refers to printf5.o(i._printf_core) for _printf_core
    printf5.o(i.__0vsnprintf$5) refers to printf5.o(i._snputc) for _snputc
    printf5.o(i.__0vsprintf$5) refers to printf5.o(i._printf_core) for _printf_core
    printf5.o(i.__0vsprintf$5) refers to printf5.o(i._sputc) for _sputc
    printf5.o(i._printf_core) refers to uldiv.o(.text) for __aeabi_uldivmod
    printf6.o(i.__0fprintf$6) refers to printf6.o(i._printf_core) for _printf_core
    printf6.o(i.__0fprintf$6) refers to main.o(i.fputc) for fputc
    printf6.o(i.__0printf$6) refers to printf6.o(i._printf_core) for _printf_core
    printf6.o(i.__0printf$6) refers to main.o(i.fputc) for fputc
    printf6.o(i.__0printf$6) refers to stdout.o(.data) for __stdout
    printf6.o(i.__0snprintf$6) refers to printf6.o(i._printf_core) for _printf_core
    printf6.o(i.__0snprintf$6) refers to printf6.o(i._snputc) for _snputc
    printf6.o(i.__0sprintf$6) refers to printf6.o(i._printf_core) for _printf_core
    printf6.o(i.__0sprintf$6) refers to printf6.o(i._sputc) for _sputc
    printf6.o(i.__0vfprintf$6) refers to printf6.o(i._printf_core) for _printf_core
    printf6.o(i.__0vfprintf$6) refers to main.o(i.fputc) for fputc
    printf6.o(i.__0vprintf$6) refers to printf6.o(i._printf_core) for _printf_core
    printf6.o(i.__0vprintf$6) refers to main.o(i.fputc) for fputc
    printf6.o(i.__0vprintf$6) refers to stdout.o(.data) for __stdout
    printf6.o(i.__0vsnprintf$6) refers to printf6.o(i._printf_core) for _printf_core
    printf6.o(i.__0vsnprintf$6) refers to printf6.o(i._snputc) for _snputc
    printf6.o(i.__0vsprintf$6) refers to printf6.o(i._printf_core) for _printf_core
    printf6.o(i.__0vsprintf$6) refers to printf6.o(i._sputc) for _sputc
    printf6.o(i._printf_core) refers to printf6.o(i._printf_pre_padding) for _printf_pre_padding
    printf6.o(i._printf_core) refers to uidiv.o(.text) for __aeabi_uidivmod
    printf6.o(i._printf_core) refers to printf6.o(i._printf_post_padding) for _printf_post_padding
    printf7.o(i.__0fprintf$7) refers to printf7.o(i._printf_core) for _printf_core
    printf7.o(i.__0fprintf$7) refers to main.o(i.fputc) for fputc
    printf7.o(i.__0printf$7) refers to printf7.o(i._printf_core) for _printf_core
    printf7.o(i.__0printf$7) refers to main.o(i.fputc) for fputc
    printf7.o(i.__0printf$7) refers to stdout.o(.data) for __stdout
    printf7.o(i.__0snprintf$7) refers to printf7.o(i._printf_core) for _printf_core
    printf7.o(i.__0snprintf$7) refers to printf7.o(i._snputc) for _snputc
    printf7.o(i.__0sprintf$7) refers to printf7.o(i._printf_core) for _printf_core
    printf7.o(i.__0sprintf$7) refers to printf7.o(i._sputc) for _sputc
    printf7.o(i.__0vfprintf$7) refers to printf7.o(i._printf_core) for _printf_core
    printf7.o(i.__0vfprintf$7) refers to main.o(i.fputc) for fputc
    printf7.o(i.__0vprintf$7) refers to printf7.o(i._printf_core) for _printf_core
    printf7.o(i.__0vprintf$7) refers to main.o(i.fputc) for fputc
    printf7.o(i.__0vprintf$7) refers to stdout.o(.data) for __stdout
    printf7.o(i.__0vsnprintf$7) refers to printf7.o(i._printf_core) for _printf_core
    printf7.o(i.__0vsnprintf$7) refers to printf7.o(i._snputc) for _snputc
    printf7.o(i.__0vsprintf$7) refers to printf7.o(i._printf_core) for _printf_core
    printf7.o(i.__0vsprintf$7) refers to printf7.o(i._sputc) for _sputc
    printf7.o(i._printf_core) refers to printf7.o(i._printf_pre_padding) for _printf_pre_padding
    printf7.o(i._printf_core) refers to uldiv.o(.text) for __aeabi_uldivmod
    printf7.o(i._printf_core) refers to printf7.o(i._printf_post_padding) for _printf_post_padding
    printf8.o(i.__0fprintf$8) refers to printf8.o(i._printf_core) for _printf_core
    printf8.o(i.__0fprintf$8) refers to main.o(i.fputc) for fputc
    printf8.o(i.__0printf$8) refers to printf8.o(i._printf_core) for _printf_core
    printf8.o(i.__0printf$8) refers to main.o(i.fputc) for fputc
    printf8.o(i.__0printf$8) refers to stdout.o(.data) for __stdout
    printf8.o(i.__0snprintf$8) refers to printf8.o(i._printf_core) for _printf_core
    printf8.o(i.__0snprintf$8) refers to printf8.o(i._snputc) for _snputc
    printf8.o(i.__0sprintf$8) refers to printf8.o(i._printf_core) for _printf_core
    printf8.o(i.__0sprintf$8) refers to printf8.o(i._sputc) for _sputc
    printf8.o(i.__0vfprintf$8) refers to printf8.o(i._printf_core) for _printf_core
    printf8.o(i.__0vfprintf$8) refers to main.o(i.fputc) for fputc
    printf8.o(i.__0vprintf$8) refers to printf8.o(i._printf_core) for _printf_core
    printf8.o(i.__0vprintf$8) refers to main.o(i.fputc) for fputc
    printf8.o(i.__0vprintf$8) refers to stdout.o(.data) for __stdout
    printf8.o(i.__0vsnprintf$8) refers to printf8.o(i._printf_core) for _printf_core
    printf8.o(i.__0vsnprintf$8) refers to printf8.o(i._snputc) for _snputc
    printf8.o(i.__0vsprintf$8) refers to printf8.o(i._printf_core) for _printf_core
    printf8.o(i.__0vsprintf$8) refers to printf8.o(i._sputc) for _sputc
    printf8.o(i._printf_core) refers to printf8.o(i._printf_pre_padding) for _printf_pre_padding
    printf8.o(i._printf_core) refers to uldiv.o(.text) for __aeabi_uldivmod
    printf8.o(i._printf_core) refers to printf8.o(i._printf_post_padding) for _printf_post_padding
    printfa.o(i.__0fprintf) refers (Special) to iusefp.o(.text) for __I$use$fp
    printfa.o(i.__0fprintf) refers to printfa.o(i._printf_core) for _printf_core
    printfa.o(i.__0fprintf) refers to main.o(i.fputc) for fputc
    printfa.o(i.__0printf) refers (Special) to iusefp.o(.text) for __I$use$fp
    printfa.o(i.__0printf) refers to printfa.o(i._printf_core) for _printf_core
    printfa.o(i.__0printf) refers to main.o(i.fputc) for fputc
    printfa.o(i.__0printf) refers to stdout.o(.data) for __stdout
    printfa.o(i.__0snprintf) refers (Special) to iusefp.o(.text) for __I$use$fp
    printfa.o(i.__0snprintf) refers to printfa.o(i._printf_core) for _printf_core
    printfa.o(i.__0snprintf) refers to printfa.o(i._snputc) for _snputc
    printfa.o(i.__0sprintf) refers (Special) to iusefp.o(.text) for __I$use$fp
    printfa.o(i.__0sprintf) refers to printfa.o(i._printf_core) for _printf_core
    printfa.o(i.__0sprintf) refers to printfa.o(i._sputc) for _sputc
    printfa.o(i.__0vfprintf) refers (Special) to iusefp.o(.text) for __I$use$fp
    printfa.o(i.__0vfprintf) refers to printfa.o(i._printf_core) for _printf_core
    printfa.o(i.__0vfprintf) refers to main.o(i.fputc) for fputc
    printfa.o(i.__0vprintf) refers (Special) to iusefp.o(.text) for __I$use$fp
    printfa.o(i.__0vprintf) refers to printfa.o(i._printf_core) for _printf_core
    printfa.o(i.__0vprintf) refers to main.o(i.fputc) for fputc
    printfa.o(i.__0vprintf) refers to stdout.o(.data) for __stdout
    printfa.o(i.__0vsnprintf) refers (Special) to iusefp.o(.text) for __I$use$fp
    printfa.o(i.__0vsnprintf) refers to printfa.o(i._printf_core) for _printf_core
    printfa.o(i.__0vsnprintf) refers to printfa.o(i._snputc) for _snputc
    printfa.o(i.__0vsprintf) refers (Special) to iusefp.o(.text) for __I$use$fp
    printfa.o(i.__0vsprintf) refers to printfa.o(i._printf_core) for _printf_core
    printfa.o(i.__0vsprintf) refers to printfa.o(i._sputc) for _sputc
    printfa.o(i._fp_digits) refers (Special) to iusefp.o(.text) for __I$use$fp
    printfa.o(i._fp_digits) refers to dmul.o(.text) for __aeabi_dmul
    printfa.o(i._fp_digits) refers to ddiv.o(.text) for __aeabi_ddiv
    printfa.o(i._fp_digits) refers to cdrcmple.o(.text) for __aeabi_cdrcmple
    printfa.o(i._fp_digits) refers to dadd.o(.text) for __aeabi_dadd
    printfa.o(i._fp_digits) refers to dfixul.o(.text) for __aeabi_d2ulz
    printfa.o(i._fp_digits) refers to uldiv.o(.text) for __aeabi_uldivmod
    printfa.o(i._printf_core) refers (Special) to iusefp.o(.text) for __I$use$fp
    printfa.o(i._printf_core) refers to printfa.o(i._printf_pre_padding) for _printf_pre_padding
    printfa.o(i._printf_core) refers to uldiv.o(.text) for __aeabi_uldivmod
    printfa.o(i._printf_core) refers to printfa.o(i._printf_post_padding) for _printf_post_padding
    printfa.o(i._printf_core) refers to printfa.o(i._fp_digits) for _fp_digits
    printfa.o(i._printf_core) refers to uidiv.o(.text) for __aeabi_uidivmod
    printfa.o(i._printf_post_padding) refers (Special) to iusefp.o(.text) for __I$use$fp
    printfa.o(i._printf_pre_padding) refers (Special) to iusefp.o(.text) for __I$use$fp
    printfa.o(i._snputc) refers (Special) to iusefp.o(.text) for __I$use$fp
    printfa.o(i._sputc) refers (Special) to iusefp.o(.text) for __I$use$fp
    entry2.o(.ARM.Collect$$$$00000001) refers to entry2.o(.ARM.Collect$$$$00002712) for __lit__00000000
    entry2.o(.ARM.Collect$$$$00002712) refers to startup_tm4c123.o(STACK) for __initial_sp
    entry2.o(__vectab_stack_and_reset_area) refers to startup_tm4c123.o(STACK) for __initial_sp
    entry2.o(__vectab_stack_and_reset_area) refers to entry.o(.ARM.Collect$$$$00000000) for __main
    entry5.o(.ARM.Collect$$$$00000004) refers to init.o(.text) for __scatterload
    entry9a.o(.ARM.Collect$$$$0000000B) refers to main.o(i.main) for main
    entry9b.o(.ARM.Collect$$$$0000000C) refers to main.o(i.main) for main
    uldiv.o(.text) refers to llushr.o(.text) for __aeabi_llsr
    uldiv.o(.text) refers to llshl.o(.text) for __aeabi_llsl
    dadd.o(.text) refers to llshl.o(.text) for __aeabi_llsl
    dadd.o(.text) refers to llsshr.o(.text) for __aeabi_lasr
    dadd.o(.text) refers to depilogue.o(.text) for _double_epilogue
    dmul.o(.text) refers to depilogue.o(.text) for _double_epilogue
    ddiv.o(.text) refers to depilogue.o(.text) for _double_round
    dfixul.o(.text) refers to llushr.o(.text) for __aeabi_llsr
    dfixul.o(.text) refers to llshl.o(.text) for __aeabi_llsl
    init.o(.text) refers to entry5.o(.ARM.Collect$$$$00000004) for __main_after_scatterload
    depilogue.o(.text) refers to llshl.o(.text) for __aeabi_llsl
    depilogue.o(.text) refers to llushr.o(.text) for __aeabi_llsr


==============================================================================

Removing Unused input sections from the image.

    Removing main.o(i.T3), (52 bytes).
    Removing main.o(i.T4), (52 bytes).
    Removing bsp.o(.rev16_text), (4 bytes).
    Removing bsp.o(.revsh_text), (4 bytes).
    Removing bsp.o(.rrx_text), (6 bytes).
    Removing bsp.o(i.HwButton1InterruptDisable), (56 bytes).
    Removing bsp.o(i.HwButton1Read), (16 bytes).
    Removing bsp.o(i.HwButton2Init), (52 bytes).
    Removing bsp.o(i.HwButton2Read), (16 bytes).
    Removing bsp.o(i.HwTimerInit), (104 bytes).
    Removing bsp.o(i.HwTimerStart), (20 bytes).
    Removing bsp.o(i.HwTimerStop), (20 bytes).
    Removing bsp.o(i.HwUartGetByte), (28 bytes).
    Removing bsp.o(i.TIMER0A_IRQHandler), (40 bytes).
    Removing devrtos.o(i.DevRtosReadyQueueFront), (20 bytes).
    Removing devrtos.o(i.DevRtosReadyQueueSize), (16 bytes).
    Removing queue.o(i.queue_destroy), (14 bytes).
    Removing queue.o(i.queue_front), (22 bytes).
    Removing startup_tm4c123.o(HEAP), (16 bytes).
    Removing system_tm4c123.o(.rev16_text), (4 bytes).
    Removing system_tm4c123.o(.revsh_text), (4 bytes).
    Removing system_tm4c123.o(.rrx_text), (6 bytes).
    Removing dadd.o(.text), (334 bytes).
    Removing dmul.o(.text), (228 bytes).
    Removing ddiv.o(.text), (222 bytes).
    Removing dfixul.o(.text), (48 bytes).
    Removing cdrcmple.o(.text), (48 bytes).
    Removing depilogue.o(.text), (186 bytes).

28 unused section(s) (total 1638 bytes) removed from the image.

==============================================================================

Image Symbol Table

    Local Symbols

    Symbol Name                              Value     Ov Type        Size  Object(Section)

    RESET                                    0x00000000   Section      620  startup_tm4c123.o(RESET)
    ../clib/microlib/division.c              0x00000000   Number         0  uldiv.o ABSOLUTE
    ../clib/microlib/division.c              0x00000000   Number         0  uidiv.o ABSOLUTE
    ../clib/microlib/init/entry.s            0x00000000   Number         0  entry9b.o ABSOLUTE
    ../clib/microlib/init/entry.s            0x00000000   Number         0  entry2.o ABSOLUTE
    ../clib/microlib/init/entry.s            0x00000000   Number         0  entry12b.o ABSOLUTE
    ../clib/microlib/init/entry.s            0x00000000   Number         0  entry12a.o ABSOLUTE
    ../clib/microlib/init/entry.s            0x00000000   Number         0  entry11b.o ABSOLUTE
    ../clib/microlib/init/entry.s            0x00000000   Number         0  entry11a.o ABSOLUTE
    ../clib/microlib/init/entry.s            0x00000000   Number         0  entry10b.o ABSOLUTE
    ../clib/microlib/init/entry.s            0x00000000   Number         0  entry10a.o ABSOLUTE
    ../clib/microlib/init/entry.s            0x00000000   Number         0  entry7a.o ABSOLUTE
    ../clib/microlib/init/entry.s            0x00000000   Number         0  entry9a.o ABSOLUTE
    ../clib/microlib/init/entry.s            0x00000000   Number         0  entry5.o ABSOLUTE
    ../clib/microlib/init/entry.s            0x00000000   Number         0  entry8b.o ABSOLUTE
    ../clib/microlib/init/entry.s            0x00000000   Number         0  entry8a.o ABSOLUTE
    ../clib/microlib/init/entry.s            0x00000000   Number         0  entry.o ABSOLUTE
    ../clib/microlib/init/entry.s            0x00000000   Number         0  entry7b.o ABSOLUTE
    ../clib/microlib/longlong.c              0x00000000   Number         0  llsshr.o ABSOLUTE
    ../clib/microlib/longlong.c              0x00000000   Number         0  llushr.o ABSOLUTE
    ../clib/microlib/longlong.c              0x00000000   Number         0  llshl.o ABSOLUTE
    ../clib/microlib/printf/printf.c         0x00000000   Number         0  printf8.o ABSOLUTE
    ../clib/microlib/printf/printf.c         0x00000000   Number         0  printf3.o ABSOLUTE
    ../clib/microlib/printf/printf.c         0x00000000   Number         0  printf0.o ABSOLUTE
    ../clib/microlib/printf/printf.c         0x00000000   Number         0  printf1.o ABSOLUTE
    ../clib/microlib/printf/printf.c         0x00000000   Number         0  printf2.o ABSOLUTE
    ../clib/microlib/printf/printf.c         0x00000000   Number         0  printf4.o ABSOLUTE
    ../clib/microlib/printf/printf.c         0x00000000   Number         0  printfb.o ABSOLUTE
    ../clib/microlib/printf/printf.c         0x00000000   Number         0  printf5.o ABSOLUTE
    ../clib/microlib/printf/printf.c         0x00000000   Number         0  printf6.o ABSOLUTE
    ../clib/microlib/printf/printf.c         0x00000000   Number         0  printf7.o ABSOLUTE
    ../clib/microlib/printf/printf.c         0x00000000   Number         0  printfa.o ABSOLUTE
    ../clib/microlib/stdio/streams.c         0x00000000   Number         0  stdout.o ABSOLUTE
    ../clib/microlib/stubs.s                 0x00000000   Number         0  iusefp.o ABSOLUTE
    ../fplib/microlib/fpadd.c                0x00000000   Number         0  dadd.o ABSOLUTE
    ../fplib/microlib/fpdiv.c                0x00000000   Number         0  ddiv.o ABSOLUTE
    ../fplib/microlib/fpepilogue.c           0x00000000   Number         0  depilogue.o ABSOLUTE
    ../fplib/microlib/fpfix.c                0x00000000   Number         0  dfixul.o ABSOLUTE
    ../fplib/microlib/fpmul.c                0x00000000   Number         0  dmul.o ABSOLUTE
    DevRTOS\\devRtos.c                       0x00000000   Number         0  devrtos.o ABSOLUTE
    DevRTOS\devRtos.c                        0x00000000   Number         0  devrtos.o ABSOLUTE
    DevRTOS\queue.c                          0x00000000   Number         0  queue.o ABSOLUTE
    RTE/Device/TM4C123GH6PM/startup_TM4C123.s 0x00000000   Number         0  startup_tm4c123.o ABSOLUTE
    RTE/Device/TM4C123GH6PM/system_TM4C123.c 0x00000000   Number         0  system_tm4c123.o ABSOLUTE
    RTE\Device\TM4C123GH6PM\system_TM4C123.c 0x00000000   Number         0  system_tm4c123.o ABSOLUTE
    activeObject.c                           0x00000000   Number         0  activeobject.o ABSOLUTE
    bsp.c                                    0x00000000   Number         0  bsp.o ABSOLUTE
    bsp.c                                    0x00000000   Number         0  bsp.o ABSOLUTE
    cdrcmple.s                               0x00000000   Number         0  cdrcmple.o ABSOLUTE
    dc.s                                     0x00000000   Number         0  dc.o ABSOLUTE
    handlers.s                               0x00000000   Number         0  handlers.o ABSOLUTE
    init.s                                   0x00000000   Number         0  init.o ABSOLUTE
    list.c                                   0x00000000   Number         0  list.o ABSOLUTE
    main.c                                   0x00000000   Number         0  main.o ABSOLUTE
    .ARM.Collect$$$$00000000                 0x0000026c   Section        0  entry.o(.ARM.Collect$$$$00000000)
    .ARM.Collect$$$$00000001                 0x0000026c   Section        4  entry2.o(.ARM.Collect$$$$00000001)
    .ARM.Collect$$$$00000004                 0x00000270   Section        4  entry5.o(.ARM.Collect$$$$00000004)
    .ARM.Collect$$$$00000008                 0x00000274   Section        0  entry7b.o(.ARM.Collect$$$$00000008)
    .ARM.Collect$$$$0000000A                 0x00000274   Section        0  entry8b.o(.ARM.Collect$$$$0000000A)
    .ARM.Collect$$$$0000000B                 0x00000274   Section        8  entry9a.o(.ARM.Collect$$$$0000000B)
    .ARM.Collect$$$$0000000E                 0x0000027c   Section        4  entry12b.o(.ARM.Collect$$$$0000000E)
    .ARM.Collect$$$$0000000F                 0x00000280   Section        0  entry10a.o(.ARM.Collect$$$$0000000F)
    .ARM.Collect$$$$00000011                 0x00000280   Section        0  entry11a.o(.ARM.Collect$$$$00000011)
    .ARM.Collect$$$$00002712                 0x00000280   Section        4  entry2.o(.ARM.Collect$$$$00002712)
    __lit__00000000                          0x00000280   Data           4  entry2.o(.ARM.Collect$$$$00002712)
    .emb_text                                0x00000284   Section       52  devrtos.o(.emb_text)
    .text                                    0x000002b8   Section      252  startup_tm4c123.o(.text)
    .text                                    0x000003b4   Section       36  init.o(.text)
    i.ActiveObject_Ctor                      0x000003d8   Section        0  activeobject.o(i.ActiveObject_Ctor)
    i.ActiveObject_Enqueue                   0x0000040c   Section        0  activeobject.o(i.ActiveObject_Enqueue)
    i.ActiveObject_Start                     0x0000041c   Section        0  activeobject.o(i.ActiveObject_Start)
    i.Button_Pressed                         0x00000428   Section        0  main.o(i.Button_Pressed)
    i.DevRtosCreateTask                      0x00000454   Section        0  devrtos.o(i.DevRtosCreateTask)
    i.DevRtosInit                            0x00000530   Section        0  devrtos.o(i.DevRtosInit)
    i.DevRtosReadyQueueDequeue               0x00000574   Section        0  devrtos.o(i.DevRtosReadyQueueDequeue)
    i.DevRtosReadyQueueEnqueue               0x000005a0   Section        0  devrtos.o(i.DevRtosReadyQueueEnqueue)
    i.DevRtosScheduler                       0x000005d4   Section        0  devrtos.o(i.DevRtosScheduler)
    i.GPIOF_Handler                          0x00000658   Section        0  bsp.o(i.GPIOF_Handler)
    i.HwBlueLedInit                          0x00000678   Section        0  bsp.o(i.HwBlueLedInit)
    i.HwBlueLedOff                           0x0000069c   Section        0  bsp.o(i.HwBlueLedOff)
    i.HwBlueLedOn                            0x000006b4   Section        0  bsp.o(i.HwBlueLedOn)
    i.HwButton1Init                          0x000006cc   Section        0  bsp.o(i.HwButton1Init)
    i.HwButton1InterruptEnable               0x00000700   Section        0  bsp.o(i.HwButton1InterruptEnable)
    i.HwDelay                                0x00000728   Section        0  bsp.o(i.HwDelay)
    i.HwGreenLedInit                         0x00000734   Section        0  bsp.o(i.HwGreenLedInit)
    i.HwGreenLedOff                          0x00000758   Section        0  bsp.o(i.HwGreenLedOff)
    i.HwGreenLedOn                           0x00000770   Section        0  bsp.o(i.HwGreenLedOn)
    i.HwInit                                 0x00000788   Section        0  bsp.o(i.HwInit)
    i.HwRedLedInit                           0x0000080c   Section        0  bsp.o(i.HwRedLedInit)
    i.HwRedLedOff                            0x00000830   Section        0  bsp.o(i.HwRedLedOff)
    i.HwRedLedOn                             0x00000848   Section        0  bsp.o(i.HwRedLedOn)
    i.HwUartInit                             0x00000860   Section        0  bsp.o(i.HwUartInit)
    i.HwUartSendByte                         0x00000934   Section        0  bsp.o(i.HwUartSendByte)
    i.SysTick_Handler                        0x0000094c   Section        0  bsp.o(i.SysTick_Handler)
    i.SystemCoreClockUpdate                  0x00000968   Section        0  system_tm4c123.o(i.SystemCoreClockUpdate)
    i.SystemInit                             0x00000a2c   Section        0  system_tm4c123.o(i.SystemInit)
    i.T1                                     0x00000ab4   Section        0  main.o(i.T1)
    i.T2                                     0x00000ac4   Section        0  main.o(i.T2)
    i.__0printf$bare                         0x00000af8   Section        0  printfb.o(i.__0printf$bare)
    i.__NVIC_EnableIRQ                       0x00000b08   Section        0  bsp.o(i.__NVIC_EnableIRQ)
    __NVIC_EnableIRQ                         0x00000b09   Thumb Code    34  bsp.o(i.__NVIC_EnableIRQ)
    i.__NVIC_SetPriority                     0x00000b2c   Section        0  bsp.o(i.__NVIC_SetPriority)
    __NVIC_SetPriority                       0x00000b2d   Thumb Code    32  bsp.o(i.__NVIC_SetPriority)
    i.__scatterload_copy                     0x00000b54   Section       14  handlers.o(i.__scatterload_copy)
    i.__scatterload_null                     0x00000b62   Section        2  handlers.o(i.__scatterload_null)
    i.__scatterload_zeroinit                 0x00000b64   Section       14  handlers.o(i.__scatterload_zeroinit)
    i._printf_core                           0x00000b72   Section        0  printfb.o(i._printf_core)
    _printf_core                             0x00000b73   Thumb Code    34  printfb.o(i._printf_core)
    i.a1Function                             0x00000b94   Section        0  main.o(i.a1Function)
    i.devRtosDelay                           0x00000c40   Section        0  devrtos.o(i.devRtosDelay)
    i.devRtosDelayDec                        0x00000c74   Section        0  devrtos.o(i.devRtosDelayDec)
    i.fputc                                  0x00000cb0   Section        0  main.o(i.fputc)
    i.getOscClk                              0x00000cc0   Section        0  system_tm4c123.o(i.getOscClk)
    getOscClk                                0x00000cc1   Thumb Code   182  system_tm4c123.o(i.getOscClk)
    i.idle_task                              0x00000db4   Section        0  main.o(i.idle_task)
    i.list_createNode                        0x00000dbc   Section        0  list.o(i.list_createNode)
    i.list_deleteNode                        0x00000e08   Section        0  list.o(i.list_deleteNode)
    i.list_insertNode                        0x00000e34   Section        0  list.o(i.list_insertNode)
    i.main                                   0x00000e8c   Section        0  main.o(i.main)
    i.queue_create                           0x00000f0c   Section        0  queue.o(i.queue_create)
    i.queue_dequeue                          0x00000f68   Section        0  queue.o(i.queue_dequeue)
    i.queue_enqueue                          0x00000f96   Section        0  queue.o(i.queue_enqueue)
    .data                                    0x20000000   Section       40  main.o(.data)
    .data                                    0x20000028   Section        4  bsp.o(.data)
    tickCounter                              0x20000028   Data           4  bsp.o(.data)
    .data                                    0x2000002c   Section       20  devrtos.o(.data)
    DevRtosTaskCount                         0x20000034   Data           4  devrtos.o(.data)
    DevRtosReadyPriorityBits                 0x20000038   Data           4  devrtos.o(.data)
    DevRtosDelayList                         0x2000003c   Data           4  devrtos.o(.data)
    .data                                    0x20000040   Section        2  queue.o(.data)
    .data                                    0x20000044   Section        4  list.o(.data)
    listFreeBits                             0x20000044   Data           4  list.o(.data)
    .data                                    0x20000048   Section        4  system_tm4c123.o(.data)
    .data                                    0x2000004c   Section        4  stdout.o(.data)
    .bss                                     0x20000050   Section     1660  main.o(.bss)
    stack1                                   0x20000050   Data         320  main.o(.bss)
    stack2                                   0x20000190   Data         320  main.o(.bss)
    stack3                                   0x200002d0   Data         320  main.o(.bss)
    stack4                                   0x20000410   Data         320  main.o(.bss)
    idleStack                                0x20000550   Data         320  main.o(.bss)
    idleTask                                 0x20000690   Data          12  main.o(.bss)
    tcb1                                     0x2000069c   Data          12  main.o(.bss)
    tcb2                                     0x200006a8   Data          12  main.o(.bss)
    tcb3                                     0x200006b4   Data          12  main.o(.bss)
    tcb4                                     0x200006c0   Data          12  main.o(.bss)
    .bss                                     0x200006cc   Section       20  devrtos.o(.bss)
    DevRtosTaskQueueArray                    0x200006cc   Data          20  devrtos.o(.bss)
    .bss                                     0x200006e0   Section     1224  queue.o(.bss)
    .bss                                     0x20000ba8   Section      120  list.o(.bss)
    listNodes                                0x20000ba8   Data         120  list.o(.bss)
    STACK                                    0x20000c20   Section     1024  startup_tm4c123.o(STACK)

    Global Symbols

    Symbol Name                              Value     Ov Type        Size  Object(Section)

    BuildAttributes$$THM_ISAv4$E$P$D$K$B$S$7EM$PE$A:L22UL41UL21$X:L11$S22US41US21$IEEE1$IW$USESV6$~STKCKD$USESV7$~SHL$OSPACE$ROPI$EBA8$MICROLIB$REQ8$EABIv2 0x00000000   Number         0  anon$$obj.o ABSOLUTE
    __ARM_use_no_argv                        0x00000000   Number         0  main.o ABSOLUTE
    __Vectors                                0x00000000   Data           4  startup_tm4c123.o(RESET)
    __arm_fini_                               - Undefined Weak Reference
    __cpp_initialize__aeabi_                  - Undefined Weak Reference
    __cxa_finalize                            - Undefined Weak Reference
    __decompress                              - Undefined Weak Reference
    _clock_init                               - Undefined Weak Reference
    _microlib_exit                            - Undefined Weak Reference
    __Vectors_End                            0x0000026c   Data           0  startup_tm4c123.o(RESET)
    __Vectors_Size                           0x0000026c   Number         0  startup_tm4c123.o ABSOLUTE
    __main                                   0x0000026d   Thumb Code     0  entry.o(.ARM.Collect$$$$00000000)
    _main_stk                                0x0000026d   Thumb Code     0  entry2.o(.ARM.Collect$$$$00000001)
    _main_scatterload                        0x00000271   Thumb Code     0  entry5.o(.ARM.Collect$$$$00000004)
    __main_after_scatterload                 0x00000275   Thumb Code     0  entry5.o(.ARM.Collect$$$$00000004)
    _main_clock                              0x00000275   Thumb Code     0  entry7b.o(.ARM.Collect$$$$00000008)
    _main_cpp_init                           0x00000275   Thumb Code     0  entry8b.o(.ARM.Collect$$$$0000000A)
    _main_init                               0x00000275   Thumb Code     0  entry9a.o(.ARM.Collect$$$$0000000B)
    __rt_lib_shutdown_fini                   0x0000027d   Thumb Code     0  entry12b.o(.ARM.Collect$$$$0000000E)
    __rt_final_cpp                           0x00000281   Thumb Code     0  entry10a.o(.ARM.Collect$$$$0000000F)
    __rt_final_exit                          0x00000281   Thumb Code     0  entry11a.o(.ARM.Collect$$$$00000011)
    PendSV_Handler                           0x00000285   Thumb Code    44  devrtos.o(.emb_text)
    Reset_Handler                            0x000002b9   Thumb Code     8  startup_tm4c123.o(.text)
    NMI_Handler                              0x000002c1   Thumb Code     2  startup_tm4c123.o(.text)
    HardFault_Handler                        0x000002c3   Thumb Code     2  startup_tm4c123.o(.text)
    MemManage_Handler                        0x000002c5   Thumb Code     2  startup_tm4c123.o(.text)
    BusFault_Handler                         0x000002c7   Thumb Code     2  startup_tm4c123.o(.text)
    UsageFault_Handler                       0x000002c9   Thumb Code     2  startup_tm4c123.o(.text)
    SVC_Handler                              0x000002cb   Thumb Code     2  startup_tm4c123.o(.text)
    DebugMon_Handler                         0x000002cd   Thumb Code     2  startup_tm4c123.o(.text)
    GPIOA_Handler                            0x000002d3   Thumb Code     2  startup_tm4c123.o(.text)
    GPIOB_Handler                            0x000002d5   Thumb Code     2  startup_tm4c123.o(.text)
    GPIOC_Handler                            0x000002d7   Thumb Code     2  startup_tm4c123.o(.text)
    GPIOD_Handler                            0x000002d9   Thumb Code     2  startup_tm4c123.o(.text)
    GPIOE_Handler                            0x000002db   Thumb Code     2  startup_tm4c123.o(.text)
    UART0_Handler                            0x000002dd   Thumb Code     2  startup_tm4c123.o(.text)
    UART1_Handler                            0x000002df   Thumb Code     2  startup_tm4c123.o(.text)
    SSI0_Handler                             0x000002e1   Thumb Code     2  startup_tm4c123.o(.text)
    I2C0_Handler                             0x000002e3   Thumb Code     2  startup_tm4c123.o(.text)
    PMW0_FAULT_Handler                       0x000002e5   Thumb Code     2  startup_tm4c123.o(.text)
    PWM0_0_Handler                           0x000002e7   Thumb Code     2  startup_tm4c123.o(.text)
    PWM0_1_Handler                           0x000002e9   Thumb Code     2  startup_tm4c123.o(.text)
    PWM0_2_Handler                           0x000002eb   Thumb Code     2  startup_tm4c123.o(.text)
    QEI0_Handler                             0x000002ed   Thumb Code     2  startup_tm4c123.o(.text)
    ADC0SS0_Handler                          0x000002ef   Thumb Code     2  startup_tm4c123.o(.text)
    ADC0SS1_Handler                          0x000002f1   Thumb Code     2  startup_tm4c123.o(.text)
    ADC0SS2_Handler                          0x000002f3   Thumb Code     2  startup_tm4c123.o(.text)
    ADC0SS3_Handler                          0x000002f5   Thumb Code     2  startup_tm4c123.o(.text)
    WDT0_Handler                             0x000002f7   Thumb Code     2  startup_tm4c123.o(.text)
    TIMER0A_Handler                          0x000002f9   Thumb Code     2  startup_tm4c123.o(.text)
    TIMER0B_Handler                          0x000002fb   Thumb Code     2  startup_tm4c123.o(.text)
    TIMER1A_Handler                          0x000002fd   Thumb Code     2  startup_tm4c123.o(.text)
    TIMER1B_Handler                          0x000002ff   Thumb Code     2  startup_tm4c123.o(.text)
    TIMER2A_Handler                          0x00000301   Thumb Code     2  startup_tm4c123.o(.text)
    TIMER2B_Handler                          0x00000303   Thumb Code     2  startup_tm4c123.o(.text)
    COMP0_Handler                            0x00000305   Thumb Code     2  startup_tm4c123.o(.text)
    COMP1_Handler                            0x00000307   Thumb Code     2  startup_tm4c123.o(.text)
    COMP2_Handler                            0x00000309   Thumb Code     2  startup_tm4c123.o(.text)
    SYSCTL_Handler                           0x0000030b   Thumb Code     2  startup_tm4c123.o(.text)
    FLASH_Handler                            0x0000030d   Thumb Code     2  startup_tm4c123.o(.text)
    GPIOG_Handler                            0x00000311   Thumb Code     2  startup_tm4c123.o(.text)
    GPIOH_Handler                            0x00000313   Thumb Code     2  startup_tm4c123.o(.text)
    UART2_Handler                            0x00000315   Thumb Code     2  startup_tm4c123.o(.text)
    SSI1_Handler                             0x00000317   Thumb Code     2  startup_tm4c123.o(.text)
    TIMER3A_Handler                          0x00000319   Thumb Code     2  startup_tm4c123.o(.text)
    TIMER3B_Handler                          0x0000031b   Thumb Code     2  startup_tm4c123.o(.text)
    I2C1_Handler                             0x0000031d   Thumb Code     2  startup_tm4c123.o(.text)
    QEI1_Handler                             0x0000031f   Thumb Code     2  startup_tm4c123.o(.text)
    CAN0_Handler                             0x00000321   Thumb Code     2  startup_tm4c123.o(.text)
    CAN1_Handler                             0x00000323   Thumb Code     2  startup_tm4c123.o(.text)
    CAN2_Handler                             0x00000325   Thumb Code     2  startup_tm4c123.o(.text)
    HIB_Handler                              0x00000327   Thumb Code     2  startup_tm4c123.o(.text)
    USB0_Handler                             0x00000329   Thumb Code     2  startup_tm4c123.o(.text)
    PWM0_3_Handler                           0x0000032b   Thumb Code     2  startup_tm4c123.o(.text)
    UDMA_Handler                             0x0000032d   Thumb Code     2  startup_tm4c123.o(.text)
    UDMAERR_Handler                          0x0000032f   Thumb Code     2  startup_tm4c123.o(.text)
    ADC1SS0_Handler                          0x00000331   Thumb Code     2  startup_tm4c123.o(.text)
    ADC1SS1_Handler                          0x00000333   Thumb Code     2  startup_tm4c123.o(.text)
    ADC1SS2_Handler                          0x00000335   Thumb Code     2  startup_tm4c123.o(.text)
    ADC1SS3_Handler                          0x00000337   Thumb Code     2  startup_tm4c123.o(.text)
    GPIOJ_Handler                            0x00000339   Thumb Code     2  startup_tm4c123.o(.text)
    GPIOK_Handler                            0x0000033b   Thumb Code     2  startup_tm4c123.o(.text)
    GPIOL_Handler                            0x0000033d   Thumb Code     2  startup_tm4c123.o(.text)
    SSI2_Handler                             0x0000033f   Thumb Code     2  startup_tm4c123.o(.text)
    SSI3_Handler                             0x00000341   Thumb Code     2  startup_tm4c123.o(.text)
    UART3_Handler                            0x00000343   Thumb Code     2  startup_tm4c123.o(.text)
    UART4_Handler                            0x00000345   Thumb Code     2  startup_tm4c123.o(.text)
    UART5_Handler                            0x00000347   Thumb Code     2  startup_tm4c123.o(.text)
    UART6_Handler                            0x00000349   Thumb Code     2  startup_tm4c123.o(.text)
    UART7_Handler                            0x0000034b   Thumb Code     2  startup_tm4c123.o(.text)
    I2C2_Handler                             0x0000034d   Thumb Code     2  startup_tm4c123.o(.text)
    I2C3_Handler                             0x0000034f   Thumb Code     2  startup_tm4c123.o(.text)
    TIMER4A_Handler                          0x00000351   Thumb Code     2  startup_tm4c123.o(.text)
    TIMER4B_Handler                          0x00000353   Thumb Code     2  startup_tm4c123.o(.text)
    TIMER5A_Handler                          0x00000355   Thumb Code     2  startup_tm4c123.o(.text)
    TIMER5B_Handler                          0x00000357   Thumb Code     2  startup_tm4c123.o(.text)
    WTIMER0A_Handler                         0x00000359   Thumb Code     2  startup_tm4c123.o(.text)
    WTIMER0B_Handler                         0x0000035b   Thumb Code     2  startup_tm4c123.o(.text)
    WTIMER1A_Handler                         0x0000035d   Thumb Code     2  startup_tm4c123.o(.text)
    WTIMER1B_Handler                         0x0000035f   Thumb Code     2  startup_tm4c123.o(.text)
    WTIMER2A_Handler                         0x00000361   Thumb Code     2  startup_tm4c123.o(.text)
    WTIMER2B_Handler                         0x00000363   Thumb Code     2  startup_tm4c123.o(.text)
    WTIMER3A_Handler                         0x00000365   Thumb Code     2  startup_tm4c123.o(.text)
    WTIMER3B_Handler                         0x00000367   Thumb Code     2  startup_tm4c123.o(.text)
    WTIMER4A_Handler                         0x00000369   Thumb Code     2  startup_tm4c123.o(.text)
    WTIMER4B_Handler                         0x0000036b   Thumb Code     2  startup_tm4c123.o(.text)
    WTIMER5A_Handler                         0x0000036d   Thumb Code     2  startup_tm4c123.o(.text)
    WTIMER5B_Handler                         0x0000036f   Thumb Code     2  startup_tm4c123.o(.text)
    FPU_Handler                              0x00000371   Thumb Code     2  startup_tm4c123.o(.text)
    I2C4_Handler                             0x00000373   Thumb Code     2  startup_tm4c123.o(.text)
    I2C5_Handler                             0x00000375   Thumb Code     2  startup_tm4c123.o(.text)
    GPIOM_Handler                            0x00000377   Thumb Code     2  startup_tm4c123.o(.text)
    GPION_Handler                            0x00000379   Thumb Code     2  startup_tm4c123.o(.text)
    QEI2_Handler                             0x0000037b   Thumb Code     2  startup_tm4c123.o(.text)
    GPIOP0_Handler                           0x0000037d   Thumb Code     2  startup_tm4c123.o(.text)
    GPIOP1_Handler                           0x0000037f   Thumb Code     2  startup_tm4c123.o(.text)
    GPIOP2_Handler                           0x00000381   Thumb Code     2  startup_tm4c123.o(.text)
    GPIOP3_Handler                           0x00000383   Thumb Code     2  startup_tm4c123.o(.text)
    GPIOP4_Handler                           0x00000385   Thumb Code     2  startup_tm4c123.o(.text)
    GPIOP5_Handler                           0x00000387   Thumb Code     2  startup_tm4c123.o(.text)
    GPIOP6_Handler                           0x00000389   Thumb Code     2  startup_tm4c123.o(.text)
    GPIOP7_Handler                           0x0000038b   Thumb Code     2  startup_tm4c123.o(.text)
    GPIOQ0_Handler                           0x0000038d   Thumb Code     2  startup_tm4c123.o(.text)
    GPIOQ1_Handler                           0x0000038f   Thumb Code     2  startup_tm4c123.o(.text)
    GPIOQ2_Handler                           0x00000391   Thumb Code     2  startup_tm4c123.o(.text)
    GPIOQ3_Handler                           0x00000393   Thumb Code     2  startup_tm4c123.o(.text)
    GPIOQ4_Handler                           0x00000395   Thumb Code     2  startup_tm4c123.o(.text)
    GPIOQ5_Handler                           0x00000397   Thumb Code     2  startup_tm4c123.o(.text)
    GPIOQ6_Handler                           0x00000399   Thumb Code     2  startup_tm4c123.o(.text)
    GPIOQ7_Handler                           0x0000039b   Thumb Code     2  startup_tm4c123.o(.text)
    GPIOR_Handler                            0x0000039d   Thumb Code     2  startup_tm4c123.o(.text)
    GPIOS_Handler                            0x0000039f   Thumb Code     2  startup_tm4c123.o(.text)
    PMW1_0_Handler                           0x000003a1   Thumb Code     2  startup_tm4c123.o(.text)
    PWM1_1_Handler                           0x000003a3   Thumb Code     2  startup_tm4c123.o(.text)
    PWM1_2_Handler                           0x000003a5   Thumb Code     2  startup_tm4c123.o(.text)
    PWM1_3_Handler                           0x000003a7   Thumb Code     2  startup_tm4c123.o(.text)
    PWM1_FAULT_Handler                       0x000003a9   Thumb Code     2  startup_tm4c123.o(.text)
    __scatterload                            0x000003b5   Thumb Code    28  init.o(.text)
    __scatterload_rt2                        0x000003b5   Thumb Code     0  init.o(.text)
    ActiveObject_Ctor                        0x000003d9   Thumb Code    32  activeobject.o(i.ActiveObject_Ctor)
    ActiveObject_Enqueue                     0x0000040d   Thumb Code    16  activeobject.o(i.ActiveObject_Enqueue)
    ActiveObject_Start                       0x0000041d   Thumb Code    12  activeobject.o(i.ActiveObject_Start)
    Button_Pressed                           0x00000429   Thumb Code    34  main.o(i.Button_Pressed)
    DevRtosCreateTask                        0x00000455   Thumb Code   212  devrtos.o(i.DevRtosCreateTask)
    DevRtosInit                              0x00000531   Thumb Code    54  devrtos.o(i.DevRtosInit)
    DevRtosReadyQueueDequeue                 0x00000575   Thumb Code    34  devrtos.o(i.DevRtosReadyQueueDequeue)
    DevRtosReadyQueueEnqueue                 0x000005a1   Thumb Code    42  devrtos.o(i.DevRtosReadyQueueEnqueue)
    DevRtosScheduler                         0x000005d5   Thumb Code   114  devrtos.o(i.DevRtosScheduler)
    GPIOF_Handler                            0x00000659   Thumb Code    28  bsp.o(i.GPIOF_Handler)
    HwBlueLedInit                            0x00000679   Thumb Code    26  bsp.o(i.HwBlueLedInit)
    HwBlueLedOff                             0x0000069d   Thumb Code    16  bsp.o(i.HwBlueLedOff)
    HwBlueLedOn                              0x000006b5   Thumb Code    16  bsp.o(i.HwBlueLedOn)
    HwButton1Init                            0x000006cd   Thumb Code    42  bsp.o(i.HwButton1Init)
    HwButton1InterruptEnable                 0x00000701   Thumb Code    34  bsp.o(i.HwButton1InterruptEnable)
    HwDelay                                  0x00000729   Thumb Code    12  bsp.o(i.HwDelay)
    HwGreenLedInit                           0x00000735   Thumb Code    26  bsp.o(i.HwGreenLedInit)
    HwGreenLedOff                            0x00000759   Thumb Code    16  bsp.o(i.HwGreenLedOff)
    HwGreenLedOn                             0x00000771   Thumb Code    16  bsp.o(i.HwGreenLedOn)
    HwInit                                   0x00000789   Thumb Code   120  bsp.o(i.HwInit)
    HwRedLedInit                             0x0000080d   Thumb Code    26  bsp.o(i.HwRedLedInit)
    HwRedLedOff                              0x00000831   Thumb Code    16  bsp.o(i.HwRedLedOff)
    HwRedLedOn                               0x00000849   Thumb Code    16  bsp.o(i.HwRedLedOn)
    HwUartInit                               0x00000861   Thumb Code   190  bsp.o(i.HwUartInit)
    HwUartSendByte                           0x00000935   Thumb Code    20  bsp.o(i.HwUartSendByte)
    SysTick_Handler                          0x0000094d   Thumb Code    22  bsp.o(i.SysTick_Handler)
    SystemCoreClockUpdate                    0x00000969   Thumb Code   184  system_tm4c123.o(i.SystemCoreClockUpdate)
    SystemInit                               0x00000a2d   Thumb Code   100  system_tm4c123.o(i.SystemInit)
    T1                                       0x00000ab5   Thumb Code    10  main.o(i.T1)
    T2                                       0x00000ac5   Thumb Code    44  main.o(i.T2)
    __0printf$bare                           0x00000af9   Thumb Code     8  printfb.o(i.__0printf$bare)
    __1printf$bare                           0x00000af9   Thumb Code     0  printfb.o(i.__0printf$bare)
    __2printf                                0x00000af9   Thumb Code     0  printfb.o(i.__0printf$bare)
    __scatterload_copy                       0x00000b55   Thumb Code    14  handlers.o(i.__scatterload_copy)
    __scatterload_null                       0x00000b63   Thumb Code     2  handlers.o(i.__scatterload_null)
    __scatterload_zeroinit                   0x00000b65   Thumb Code    14  handlers.o(i.__scatterload_zeroinit)
    a1Function                               0x00000b95   Thumb Code   108  main.o(i.a1Function)
    devRtosDelay                             0x00000c41   Thumb Code    42  devrtos.o(i.devRtosDelay)
    devRtosDelayDec                          0x00000c75   Thumb Code    56  devrtos.o(i.devRtosDelayDec)
    fputc                                    0x00000cb1   Thumb Code    16  main.o(i.fputc)
    idle_task                                0x00000db5   Thumb Code     6  main.o(i.idle_task)
    list_createNode                          0x00000dbd   Thumb Code    68  list.o(i.list_createNode)
    list_deleteNode                          0x00000e09   Thumb Code    38  list.o(i.list_deleteNode)
    list_insertNode                          0x00000e35   Thumb Code    88  list.o(i.list_insertNode)
    main                                     0x00000e8d   Thumb Code    84  main.o(i.main)
    queue_create                             0x00000f0d   Thumb Code    76  queue.o(i.queue_create)
    queue_dequeue                            0x00000f69   Thumb Code    46  queue.o(i.queue_dequeue)
    queue_enqueue                            0x00000f97   Thumb Code    46  queue.o(i.queue_enqueue)
    Region$$Table$$Base                      0x00000fc4   Number         0  anon$$obj.o(Region$$Table)
    Region$$Table$$Limit                     0x00000fe4   Number         0  anon$$obj.o(Region$$Table)
    sem1                                     0x20000000   Data           4  main.o(.data)
    a1                                       0x20000004   Data           8  main.o(.data)
    signal1                                  0x2000000c   Data           4  main.o(.data)
    signal2                                  0x20000010   Data           4  main.o(.data)
    signal3                                  0x20000014   Data           4  main.o(.data)
    sp1                                      0x20000018   Data           4  main.o(.data)
    sp2                                      0x2000001c   Data           4  main.o(.data)
    sp3                                      0x20000020   Data           4  main.o(.data)
    sp4                                      0x20000024   Data           4  main.o(.data)
    DevRtosCurTask                           0x2000002c   Data           4  devrtos.o(.data)
    DevRtosNextTask                          0x20000030   Data           4  devrtos.o(.data)
    queueBufferRearPtr                       0x20000040   Data           1  queue.o(.data)
    queueCount                               0x20000041   Data           1  queue.o(.data)
    SystemCoreClock                          0x20000048   Data           4  system_tm4c123.o(.data)
    __stdout                                 0x2000004c   Data           4  stdout.o(.data)
    queueBuffer                              0x200006e0   Data        1024  queue.o(.bss)
    queueHolder                              0x20000ae0   Data         200  queue.o(.bss)
    __initial_sp                             0x20001020   Data           0  startup_tm4c123.o(STACK)



==============================================================================

Memory Map of the image

  Image Entry point : 0x000002b9

  Load Region LR_1 (Base: 0x00000000, Size: 0x00001034, Max: 0xffffffff, ABSOLUTE)

    Execution Region ER_RO (Exec base: 0x00000000, Load base: 0x00000000, Size: 0x00000fe4, Max: 0xffffffff, ABSOLUTE)

    Exec Addr    Load Addr    Size         Type   Attr      Idx    E Section Name        Object

    0x00000000   0x00000000   0x0000026c   Data   RO          486    RESET               startup_tm4c123.o
    0x0000026c   0x0000026c   0x00000000   Code   RO          539  * .ARM.Collect$$$$00000000  mc_w.l(entry.o)
    0x0000026c   0x0000026c   0x00000004   Code   RO          802    .ARM.Collect$$$$00000001  mc_w.l(entry2.o)
    0x00000270   0x00000270   0x00000004   Code   RO          805    .ARM.Collect$$$$00000004  mc_w.l(entry5.o)
    0x00000274   0x00000274   0x00000000   Code   RO          807    .ARM.Collect$$$$00000008  mc_w.l(entry7b.o)
    0x00000274   0x00000274   0x00000000   Code   RO          809    .ARM.Collect$$$$0000000A  mc_w.l(entry8b.o)
    0x00000274   0x00000274   0x00000008   Code   RO          810    .ARM.Collect$$$$0000000B  mc_w.l(entry9a.o)
    0x0000027c   0x0000027c   0x00000004   Code   RO          817    .ARM.Collect$$$$0000000E  mc_w.l(entry12b.o)
    0x00000280   0x00000280   0x00000000   Code   RO          812    .ARM.Collect$$$$0000000F  mc_w.l(entry10a.o)
    0x00000280   0x00000280   0x00000000   Code   RO          814    .ARM.Collect$$$$00000011  mc_w.l(entry11a.o)
    0x00000280   0x00000280   0x00000004   Code   RO          803    .ARM.Collect$$$$00002712  mc_w.l(entry2.o)
    0x00000284   0x00000284   0x00000034   Code   RO          300    .emb_text           devrtos.o
    0x000002b8   0x000002b8   0x000000fc   Code   RO          487  * .text               startup_tm4c123.o
    0x000003b4   0x000003b4   0x00000024   Code   RO          834    .text               mc_w.l(init.o)
    0x000003d8   0x000003d8   0x00000034   Code   RO          456    i.ActiveObject_Ctor  activeobject.o
    0x0000040c   0x0000040c   0x00000010   Code   RO          457    i.ActiveObject_Enqueue  activeobject.o
    0x0000041c   0x0000041c   0x0000000c   Code   RO          458    i.ActiveObject_Start  activeobject.o
    0x00000428   0x00000428   0x0000002c   Code   RO            1    i.Button_Pressed    main.o
    0x00000454   0x00000454   0x000000dc   Code   RO          301    i.DevRtosCreateTask  devrtos.o
    0x00000530   0x00000530   0x00000044   Code   RO          302    i.DevRtosInit       devrtos.o
    0x00000574   0x00000574   0x0000002c   Code   RO          303    i.DevRtosReadyQueueDequeue  devrtos.o
    0x000005a0   0x000005a0   0x00000034   Code   RO          304    i.DevRtosReadyQueueEnqueue  devrtos.o
    0x000005d4   0x000005d4   0x00000084   Code   RO          307    i.DevRtosScheduler  devrtos.o
    0x00000658   0x00000658   0x00000020   Code   RO           89    i.GPIOF_Handler     bsp.o
    0x00000678   0x00000678   0x00000024   Code   RO           90    i.HwBlueLedInit     bsp.o
    0x0000069c   0x0000069c   0x00000018   Code   RO           91    i.HwBlueLedOff      bsp.o
    0x000006b4   0x000006b4   0x00000018   Code   RO           92    i.HwBlueLedOn       bsp.o
    0x000006cc   0x000006cc   0x00000034   Code   RO           93    i.HwButton1Init     bsp.o
    0x00000700   0x00000700   0x00000028   Code   RO           95    i.HwButton1InterruptEnable  bsp.o
    0x00000728   0x00000728   0x0000000c   Code   RO           99    i.HwDelay           bsp.o
    0x00000734   0x00000734   0x00000024   Code   RO          100    i.HwGreenLedInit    bsp.o
    0x00000758   0x00000758   0x00000018   Code   RO          101    i.HwGreenLedOff     bsp.o
    0x00000770   0x00000770   0x00000018   Code   RO          102    i.HwGreenLedOn      bsp.o
    0x00000788   0x00000788   0x00000084   Code   RO          103    i.HwInit            bsp.o
    0x0000080c   0x0000080c   0x00000024   Code   RO          104    i.HwRedLedInit      bsp.o
    0x00000830   0x00000830   0x00000018   Code   RO          105    i.HwRedLedOff       bsp.o
    0x00000848   0x00000848   0x00000018   Code   RO          106    i.HwRedLedOn        bsp.o
    0x00000860   0x00000860   0x000000d4   Code   RO          111    i.HwUartInit        bsp.o
    0x00000934   0x00000934   0x00000018   Code   RO          112    i.HwUartSendByte    bsp.o
    0x0000094c   0x0000094c   0x0000001c   Code   RO          113    i.SysTick_Handler   bsp.o
    0x00000968   0x00000968   0x000000c4   Code   RO          494    i.SystemCoreClockUpdate  system_tm4c123.o
    0x00000a2c   0x00000a2c   0x00000088   Code   RO          495    i.SystemInit        system_tm4c123.o
    0x00000ab4   0x00000ab4   0x00000010   Code   RO            2    i.T1                main.o
    0x00000ac4   0x00000ac4   0x00000034   Code   RO            3    i.T2                main.o
    0x00000af8   0x00000af8   0x00000010   Code   RO          543    i.__0printf$bare    mc_w.l(printfb.o)
    0x00000b08   0x00000b08   0x00000022   Code   RO          115    i.__NVIC_EnableIRQ  bsp.o
    0x00000b2a   0x00000b2a   0x00000002   PAD
    0x00000b2c   0x00000b2c   0x00000028   Code   RO          116    i.__NVIC_SetPriority  bsp.o
    0x00000b54   0x00000b54   0x0000000e   Code   RO          846    i.__scatterload_copy  mc_w.l(handlers.o)
    0x00000b62   0x00000b62   0x00000002   Code   RO          847    i.__scatterload_null  mc_w.l(handlers.o)
    0x00000b64   0x00000b64   0x0000000e   Code   RO          848    i.__scatterload_zeroinit  mc_w.l(handlers.o)
    0x00000b72   0x00000b72   0x00000022   Code   RO          550    i._printf_core      mc_w.l(printfb.o)
    0x00000b94   0x00000b94   0x000000ac   Code   RO            6    i.a1Function        main.o
    0x00000c40   0x00000c40   0x00000034   Code   RO          308    i.devRtosDelay      devrtos.o
    0x00000c74   0x00000c74   0x0000003c   Code   RO          309    i.devRtosDelayDec   devrtos.o
    0x00000cb0   0x00000cb0   0x00000010   Code   RO            7    i.fputc             main.o
    0x00000cc0   0x00000cc0   0x000000f4   Code   RO          496    i.getOscClk         system_tm4c123.o
    0x00000db4   0x00000db4   0x00000006   Code   RO            8    i.idle_task         main.o
    0x00000dba   0x00000dba   0x00000002   PAD
    0x00000dbc   0x00000dbc   0x0000004c   Code   RO          423    i.list_createNode   list.o
    0x00000e08   0x00000e08   0x0000002c   Code   RO          424    i.list_deleteNode   list.o
    0x00000e34   0x00000e34   0x00000058   Code   RO          425    i.list_insertNode   list.o
    0x00000e8c   0x00000e8c   0x00000080   Code   RO            9    i.main              main.o
    0x00000f0c   0x00000f0c   0x0000005c   Code   RO          383    i.queue_create      queue.o
    0x00000f68   0x00000f68   0x0000002e   Code   RO          384    i.queue_dequeue     queue.o
    0x00000f96   0x00000f96   0x0000002e   Code   RO          386    i.queue_enqueue     queue.o
    0x00000fc4   0x00000fc4   0x00000020   Data   RO          844    Region$$Table       anon$$obj.o


    Execution Region ER_RW (Exec base: 0x20000000, Load base: 0x00000fe4, Size: 0x00000050, Max: 0xffffffff, ABSOLUTE)

    Exec Addr    Load Addr    Size         Type   Attr      Idx    E Section Name        Object

    0x20000000   0x00000fe4   0x00000028   Data   RW           11    .data               main.o
    0x20000028   0x0000100c   0x00000004   Data   RW          117    .data               bsp.o
    0x2000002c   0x00001010   0x00000014   Data   RW          311    .data               devrtos.o
    0x20000040   0x00001024   0x00000002   Data   RW          389    .data               queue.o
    0x20000042   0x00001026   0x00000002   PAD
    0x20000044   0x00001028   0x00000004   Data   RW          427    .data               list.o
    0x20000048   0x0000102c   0x00000004   Data   RW          497    .data               system_tm4c123.o
    0x2000004c   0x00001030   0x00000004   Data   RW          818    .data               mc_w.l(stdout.o)


    Execution Region ER_ZI (Exec base: 0x20000050, Load base: 0x00001034, Size: 0x00000fd0, Max: 0xffffffff, ABSOLUTE)

    Exec Addr    Load Addr    Size         Type   Attr      Idx    E Section Name        Object

    0x20000050        -       0x0000067c   Zero   RW           10    .bss                main.o
    0x200006cc        -       0x00000014   Zero   RW          310    .bss                devrtos.o
    0x200006e0        -       0x000004c8   Zero   RW          388    .bss                queue.o
    0x20000ba8        -       0x00000078   Zero   RW          426    .bss                list.o
    0x20000c20        -       0x00000400   Zero   RW          484    STACK               startup_tm4c123.o


==============================================================================

Image component sizes


      Code (inc. data)   RO Data    RW Data    ZI Data      Debug   Object Name

        80         20          0          0          0       1504   activeobject.o
       858        150          0          4          0      60700   bsp.o
       680         82          0         20         20       6421   devrtos.o
       208         14          0          4        120       2430   list.o
       434        140          0         40       1660      11189   main.o
       184         16          0          2       1224       2355   queue.o
       252         10        620          0       1024       5364   startup_tm4c123.o
       576        134          0          4          0       2003   system_tm4c123.o

    ----------------------------------------------------------------------
      3276        566        652         76       4048      91966   Object Totals
         0          0         32          0          0          0   (incl. Generated)
         4          0          0          2          0          0   (incl. Padding)

    ----------------------------------------------------------------------

      Code (inc. data)   RO Data    RW Data    ZI Data      Debug   Library Member Name

         0          0          0          0          0          0   entry.o
         0          0          0          0          0          0   entry10a.o
         0          0          0          0          0          0   entry11a.o
         4          0          0          0          0          0   entry12b.o
         8          4          0          0          0          0   entry2.o
         4          0          0          0          0          0   entry5.o
         0          0          0          0          0          0   entry7b.o
         0          0          0          0          0          0   entry8b.o
         8          4          0          0          0          0   entry9a.o
        30          0          0          0          0          0   handlers.o
        36          8          0          0          0         68   init.o
        50          8          0          0          0        152   printfb.o
         0          0          0          4          0          0   stdout.o

    ----------------------------------------------------------------------
       140         24          0          4          0        220   Library Totals
         0          0          0          0          0          0   (incl. Padding)

    ----------------------------------------------------------------------

      Code (inc. data)   RO Data    RW Data    ZI Data      Debug   Library Name

       140         24          0          4          0        220   mc_w.l

    ----------------------------------------------------------------------
       140         24          0          4          0        220   Library Totals

    ----------------------------------------------------------------------

==============================================================================


      Code (inc. data)   RO Data    RW Data    ZI Data      Debug   

      3416        590        652         80       4048      90050   Grand Totals
      3416        590        652         80       4048      90050   ELF Image Totals
      3416        590        652         80          0          0   ROM Totals

==============================================================================

    Total RO  Size (Code + RO Data)                 4068 (   3.97kB)
    Total RW  Size (RW Data + ZI Data)              4128 (   4.03kB)
    Total ROM Size (Code + RO Data + RW Data)       4148 (   4.05kB)

==============================================================================

